Archive member included to satisfy reference by file (symbol)

/home/maciej/src/libopencm3/lib/libopencm3_stm32f4.a(gpio_common_all.o)
                              app.o (gpio_toggle)
/home/maciej/src/libopencm3/lib/libopencm3_stm32f4.a(gpio_common_f0234.o)
                              app.o (gpio_mode_setup)
/home/maciej/src/libopencm3/lib/libopencm3_stm32f4.a(rcc_common_all.o)
                              app.o (rcc_periph_clock_enable)
/home/maciej/src/libopencm3/lib/libopencm3_stm32f4.a(vector.o)
                              (reset_handler)

Discarded input sections

 .text          0x0000000000000000        0x0 app.o
 .data          0x0000000000000000        0x0 app.o
 .bss           0x0000000000000000        0x0 app.o
 .group         0x0000000000000000        0x8 /home/maciej/src/libopencm3/lib/libopencm3_stm32f4.a(gpio_common_all.o)
 .group         0x0000000000000000        0x8 /home/maciej/src/libopencm3/lib/libopencm3_stm32f4.a(gpio_common_all.o)
 .group         0x0000000000000000        0x8 /home/maciej/src/libopencm3/lib/libopencm3_stm32f4.a(gpio_common_all.o)
 .group         0x0000000000000000        0x8 /home/maciej/src/libopencm3/lib/libopencm3_stm32f4.a(gpio_common_all.o)
 .group         0x0000000000000000        0x8 /home/maciej/src/libopencm3/lib/libopencm3_stm32f4.a(gpio_common_all.o)
 .group         0x0000000000000000        0x8 /home/maciej/src/libopencm3/lib/libopencm3_stm32f4.a(gpio_common_all.o)
 .group         0x0000000000000000        0x8 /home/maciej/src/libopencm3/lib/libopencm3_stm32f4.a(gpio_common_all.o)
 .group         0x0000000000000000        0x8 /home/maciej/src/libopencm3/lib/libopencm3_stm32f4.a(gpio_common_all.o)
 .group         0x0000000000000000        0x8 /home/maciej/src/libopencm3/lib/libopencm3_stm32f4.a(gpio_common_all.o)
 .group         0x0000000000000000        0x8 /home/maciej/src/libopencm3/lib/libopencm3_stm32f4.a(gpio_common_all.o)
 .group         0x0000000000000000        0x8 /home/maciej/src/libopencm3/lib/libopencm3_stm32f4.a(gpio_common_all.o)
 .group         0x0000000000000000        0x8 /home/maciej/src/libopencm3/lib/libopencm3_stm32f4.a(gpio_common_all.o)
 .group         0x0000000000000000        0x8 /home/maciej/src/libopencm3/lib/libopencm3_stm32f4.a(gpio_common_all.o)
 .text          0x0000000000000000        0x0 /home/maciej/src/libopencm3/lib/libopencm3_stm32f4.a(gpio_common_all.o)
 .data          0x0000000000000000        0x0 /home/maciej/src/libopencm3/lib/libopencm3_stm32f4.a(gpio_common_all.o)
 .bss           0x0000000000000000        0x0 /home/maciej/src/libopencm3/lib/libopencm3_stm32f4.a(gpio_common_all.o)
 .text.gpio_set
                0x0000000000000000        0x4 /home/maciej/src/libopencm3/lib/libopencm3_stm32f4.a(gpio_common_all.o)
 .text.gpio_clear
                0x0000000000000000        0x6 /home/maciej/src/libopencm3/lib/libopencm3_stm32f4.a(gpio_common_all.o)
 .text.gpio_get
                0x0000000000000000        0x6 /home/maciej/src/libopencm3/lib/libopencm3_stm32f4.a(gpio_common_all.o)
 .text.gpio_port_read
                0x0000000000000000        0x6 /home/maciej/src/libopencm3/lib/libopencm3_stm32f4.a(gpio_common_all.o)
 .text.gpio_port_write
                0x0000000000000000        0x4 /home/maciej/src/libopencm3/lib/libopencm3_stm32f4.a(gpio_common_all.o)
 .text.gpio_port_config_lock
                0x0000000000000000       0x10 /home/maciej/src/libopencm3/lib/libopencm3_stm32f4.a(gpio_common_all.o)
 .group         0x0000000000000000        0x8 /home/maciej/src/libopencm3/lib/libopencm3_stm32f4.a(gpio_common_f0234.o)
 .group         0x0000000000000000        0x8 /home/maciej/src/libopencm3/lib/libopencm3_stm32f4.a(gpio_common_f0234.o)
 .group         0x0000000000000000        0x8 /home/maciej/src/libopencm3/lib/libopencm3_stm32f4.a(gpio_common_f0234.o)
 .group         0x0000000000000000        0x8 /home/maciej/src/libopencm3/lib/libopencm3_stm32f4.a(gpio_common_f0234.o)
 .group         0x0000000000000000        0x8 /home/maciej/src/libopencm3/lib/libopencm3_stm32f4.a(gpio_common_f0234.o)
 .group         0x0000000000000000        0x8 /home/maciej/src/libopencm3/lib/libopencm3_stm32f4.a(gpio_common_f0234.o)
 .group         0x0000000000000000        0x8 /home/maciej/src/libopencm3/lib/libopencm3_stm32f4.a(gpio_common_f0234.o)
 .group         0x0000000000000000        0x8 /home/maciej/src/libopencm3/lib/libopencm3_stm32f4.a(gpio_common_f0234.o)
 .group         0x0000000000000000        0x8 /home/maciej/src/libopencm3/lib/libopencm3_stm32f4.a(gpio_common_f0234.o)
 .group         0x0000000000000000        0x8 /home/maciej/src/libopencm3/lib/libopencm3_stm32f4.a(gpio_common_f0234.o)
 .group         0x0000000000000000        0x8 /home/maciej/src/libopencm3/lib/libopencm3_stm32f4.a(gpio_common_f0234.o)
 .group         0x0000000000000000        0x8 /home/maciej/src/libopencm3/lib/libopencm3_stm32f4.a(gpio_common_f0234.o)
 .group         0x0000000000000000        0x8 /home/maciej/src/libopencm3/lib/libopencm3_stm32f4.a(gpio_common_f0234.o)
 .text          0x0000000000000000        0x0 /home/maciej/src/libopencm3/lib/libopencm3_stm32f4.a(gpio_common_f0234.o)
 .data          0x0000000000000000        0x0 /home/maciej/src/libopencm3/lib/libopencm3_stm32f4.a(gpio_common_f0234.o)
 .bss           0x0000000000000000        0x0 /home/maciej/src/libopencm3/lib/libopencm3_stm32f4.a(gpio_common_f0234.o)
 .text.gpio_set_output_options
                0x0000000000000000       0x36 /home/maciej/src/libopencm3/lib/libopencm3_stm32f4.a(gpio_common_f0234.o)
 .text.gpio_set_af
                0x0000000000000000       0x58 /home/maciej/src/libopencm3/lib/libopencm3_stm32f4.a(gpio_common_f0234.o)
 .debug_macro   0x0000000000000000      0x88c /home/maciej/src/libopencm3/lib/libopencm3_stm32f4.a(gpio_common_f0234.o)
 .debug_macro   0x0000000000000000       0x22 /home/maciej/src/libopencm3/lib/libopencm3_stm32f4.a(gpio_common_f0234.o)
 .debug_macro   0x0000000000000000       0x44 /home/maciej/src/libopencm3/lib/libopencm3_stm32f4.a(gpio_common_f0234.o)
 .debug_macro   0x0000000000000000       0x1c /home/maciej/src/libopencm3/lib/libopencm3_stm32f4.a(gpio_common_f0234.o)
 .debug_macro   0x0000000000000000       0x22 /home/maciej/src/libopencm3/lib/libopencm3_stm32f4.a(gpio_common_f0234.o)
 .debug_macro   0x0000000000000000      0x1df /home/maciej/src/libopencm3/lib/libopencm3_stm32f4.a(gpio_common_f0234.o)
 .debug_macro   0x0000000000000000       0x22 /home/maciej/src/libopencm3/lib/libopencm3_stm32f4.a(gpio_common_f0234.o)
 .debug_macro   0x0000000000000000       0xfa /home/maciej/src/libopencm3/lib/libopencm3_stm32f4.a(gpio_common_f0234.o)
 .debug_macro   0x0000000000000000       0x58 /home/maciej/src/libopencm3/lib/libopencm3_stm32f4.a(gpio_common_f0234.o)
 .debug_macro   0x0000000000000000      0x229 /home/maciej/src/libopencm3/lib/libopencm3_stm32f4.a(gpio_common_f0234.o)
 .debug_macro   0x0000000000000000       0x76 /home/maciej/src/libopencm3/lib/libopencm3_stm32f4.a(gpio_common_f0234.o)
 .debug_macro   0x0000000000000000      0x2e6 /home/maciej/src/libopencm3/lib/libopencm3_stm32f4.a(gpio_common_f0234.o)
 .debug_macro   0x0000000000000000      0x14e /home/maciej/src/libopencm3/lib/libopencm3_stm32f4.a(gpio_common_f0234.o)
 .group         0x0000000000000000        0x8 /home/maciej/src/libopencm3/lib/libopencm3_stm32f4.a(rcc_common_all.o)
 .group         0x0000000000000000        0x8 /home/maciej/src/libopencm3/lib/libopencm3_stm32f4.a(rcc_common_all.o)
 .group         0x0000000000000000        0x8 /home/maciej/src/libopencm3/lib/libopencm3_stm32f4.a(rcc_common_all.o)
 .group         0x0000000000000000        0x8 /home/maciej/src/libopencm3/lib/libopencm3_stm32f4.a(rcc_common_all.o)
 .group         0x0000000000000000        0x8 /home/maciej/src/libopencm3/lib/libopencm3_stm32f4.a(rcc_common_all.o)
 .group         0x0000000000000000        0x8 /home/maciej/src/libopencm3/lib/libopencm3_stm32f4.a(rcc_common_all.o)
 .group         0x0000000000000000        0x8 /home/maciej/src/libopencm3/lib/libopencm3_stm32f4.a(rcc_common_all.o)
 .group         0x0000000000000000        0x8 /home/maciej/src/libopencm3/lib/libopencm3_stm32f4.a(rcc_common_all.o)
 .group         0x0000000000000000        0x8 /home/maciej/src/libopencm3/lib/libopencm3_stm32f4.a(rcc_common_all.o)
 .group         0x0000000000000000        0x8 /home/maciej/src/libopencm3/lib/libopencm3_stm32f4.a(rcc_common_all.o)
 .group         0x0000000000000000        0x8 /home/maciej/src/libopencm3/lib/libopencm3_stm32f4.a(rcc_common_all.o)
 .text          0x0000000000000000        0x0 /home/maciej/src/libopencm3/lib/libopencm3_stm32f4.a(rcc_common_all.o)
 .data          0x0000000000000000        0x0 /home/maciej/src/libopencm3/lib/libopencm3_stm32f4.a(rcc_common_all.o)
 .bss           0x0000000000000000        0x0 /home/maciej/src/libopencm3/lib/libopencm3_stm32f4.a(rcc_common_all.o)
 .text.rcc_peripheral_enable_clock
                0x0000000000000000        0x8 /home/maciej/src/libopencm3/lib/libopencm3_stm32f4.a(rcc_common_all.o)
 .text.rcc_peripheral_disable_clock
                0x0000000000000000        0xa /home/maciej/src/libopencm3/lib/libopencm3_stm32f4.a(rcc_common_all.o)
 .text.rcc_peripheral_reset
                0x0000000000000000        0x8 /home/maciej/src/libopencm3/lib/libopencm3_stm32f4.a(rcc_common_all.o)
 .text.rcc_peripheral_clear_reset
                0x0000000000000000        0xa /home/maciej/src/libopencm3/lib/libopencm3_stm32f4.a(rcc_common_all.o)
 .text.rcc_periph_clock_disable
                0x0000000000000000       0x1e /home/maciej/src/libopencm3/lib/libopencm3_stm32f4.a(rcc_common_all.o)
 .text.rcc_periph_reset_pulse
                0x0000000000000000       0x26 /home/maciej/src/libopencm3/lib/libopencm3_stm32f4.a(rcc_common_all.o)
 .text.rcc_periph_reset_hold
                0x0000000000000000       0x1c /home/maciej/src/libopencm3/lib/libopencm3_stm32f4.a(rcc_common_all.o)
 .text.rcc_periph_reset_release
                0x0000000000000000       0x1e /home/maciej/src/libopencm3/lib/libopencm3_stm32f4.a(rcc_common_all.o)
 .text.rcc_set_mco
                0x0000000000000000       0x14 /home/maciej/src/libopencm3/lib/libopencm3_stm32f4.a(rcc_common_all.o)
 .debug_macro   0x0000000000000000      0x88c /home/maciej/src/libopencm3/lib/libopencm3_stm32f4.a(rcc_common_all.o)
 .debug_macro   0x0000000000000000       0x22 /home/maciej/src/libopencm3/lib/libopencm3_stm32f4.a(rcc_common_all.o)
 .debug_macro   0x0000000000000000       0x44 /home/maciej/src/libopencm3/lib/libopencm3_stm32f4.a(rcc_common_all.o)
 .debug_macro   0x0000000000000000       0x1c /home/maciej/src/libopencm3/lib/libopencm3_stm32f4.a(rcc_common_all.o)
 .debug_macro   0x0000000000000000       0x22 /home/maciej/src/libopencm3/lib/libopencm3_stm32f4.a(rcc_common_all.o)
 .debug_macro   0x0000000000000000      0x1df /home/maciej/src/libopencm3/lib/libopencm3_stm32f4.a(rcc_common_all.o)
 .debug_macro   0x0000000000000000       0x22 /home/maciej/src/libopencm3/lib/libopencm3_stm32f4.a(rcc_common_all.o)
 .debug_macro   0x0000000000000000       0xfa /home/maciej/src/libopencm3/lib/libopencm3_stm32f4.a(rcc_common_all.o)
 .debug_macro   0x0000000000000000       0x58 /home/maciej/src/libopencm3/lib/libopencm3_stm32f4.a(rcc_common_all.o)
 .debug_macro   0x0000000000000000      0x229 /home/maciej/src/libopencm3/lib/libopencm3_stm32f4.a(rcc_common_all.o)
 .group         0x0000000000000000        0x8 /home/maciej/src/libopencm3/lib/libopencm3_stm32f4.a(vector.o)
 .group         0x0000000000000000        0x8 /home/maciej/src/libopencm3/lib/libopencm3_stm32f4.a(vector.o)
 .group         0x0000000000000000        0x8 /home/maciej/src/libopencm3/lib/libopencm3_stm32f4.a(vector.o)
 .group         0x0000000000000000        0x8 /home/maciej/src/libopencm3/lib/libopencm3_stm32f4.a(vector.o)
 .group         0x0000000000000000        0x8 /home/maciej/src/libopencm3/lib/libopencm3_stm32f4.a(vector.o)
 .group         0x0000000000000000        0x8 /home/maciej/src/libopencm3/lib/libopencm3_stm32f4.a(vector.o)
 .group         0x0000000000000000        0x8 /home/maciej/src/libopencm3/lib/libopencm3_stm32f4.a(vector.o)
 .group         0x0000000000000000        0x8 /home/maciej/src/libopencm3/lib/libopencm3_stm32f4.a(vector.o)
 .group         0x0000000000000000        0x8 /home/maciej/src/libopencm3/lib/libopencm3_stm32f4.a(vector.o)
 .group         0x0000000000000000        0x8 /home/maciej/src/libopencm3/lib/libopencm3_stm32f4.a(vector.o)
 .group         0x0000000000000000        0x8 /home/maciej/src/libopencm3/lib/libopencm3_stm32f4.a(vector.o)
 .group         0x0000000000000000        0x8 /home/maciej/src/libopencm3/lib/libopencm3_stm32f4.a(vector.o)
 .text          0x0000000000000000        0x0 /home/maciej/src/libopencm3/lib/libopencm3_stm32f4.a(vector.o)
 .data          0x0000000000000000        0x0 /home/maciej/src/libopencm3/lib/libopencm3_stm32f4.a(vector.o)
 .bss           0x0000000000000000        0x0 /home/maciej/src/libopencm3/lib/libopencm3_stm32f4.a(vector.o)
 .debug_macro   0x0000000000000000      0x88c /home/maciej/src/libopencm3/lib/libopencm3_stm32f4.a(vector.o)
 .debug_macro   0x0000000000000000       0x58 /home/maciej/src/libopencm3/lib/libopencm3_stm32f4.a(vector.o)
 .debug_macro   0x0000000000000000       0x22 /home/maciej/src/libopencm3/lib/libopencm3_stm32f4.a(vector.o)
 .debug_macro   0x0000000000000000       0x44 /home/maciej/src/libopencm3/lib/libopencm3_stm32f4.a(vector.o)
 .debug_macro   0x0000000000000000       0x1c /home/maciej/src/libopencm3/lib/libopencm3_stm32f4.a(vector.o)
 .debug_macro   0x0000000000000000       0x22 /home/maciej/src/libopencm3/lib/libopencm3_stm32f4.a(vector.o)
 .debug_macro   0x0000000000000000      0x1df /home/maciej/src/libopencm3/lib/libopencm3_stm32f4.a(vector.o)
 .debug_macro   0x0000000000000000       0x22 /home/maciej/src/libopencm3/lib/libopencm3_stm32f4.a(vector.o)
 .debug_macro   0x0000000000000000       0xfa /home/maciej/src/libopencm3/lib/libopencm3_stm32f4.a(vector.o)

Memory Configuration

Name             Origin             Length             Attributes
rom              0x0000000008000000 0x0000000000080000 xr
ram              0x0000000020000000 0x0000000000018000 xrw
*default*        0x0000000000000000 0xffffffffffffffff

Linker script and memory map

LOAD app.o
LOAD /home/maciej/src/libopencm3/lib/libopencm3_stm32f4.a
START GROUP
LOAD /usr/lib/gcc/arm-none-eabi/5.2.0/../../../../arm-none-eabi/lib/armv7e-m/fpu/libc.a
LOAD /usr/lib/gcc/arm-none-eabi/5.2.0/armv7e-m/fpu/libgcc.a
LOAD /usr/lib/gcc/arm-none-eabi/5.2.0/../../../../arm-none-eabi/lib/armv7e-m/fpu/libnosys.a
END GROUP
START GROUP
LOAD /usr/lib/gcc/arm-none-eabi/5.2.0/armv7e-m/fpu/libgcc.a
LOAD /usr/lib/gcc/arm-none-eabi/5.2.0/../../../../arm-none-eabi/lib/armv7e-m/fpu/libc.a
END GROUP

.text           0x0000000008000000      0x308
 *(.vectors)
 .vectors       0x0000000008000000      0x1ac /home/maciej/src/libopencm3/lib/libopencm3_stm32f4.a(vector.o)
                0x0000000008000000                vector_table
 *(.text*)
 .text.startup.main
                0x00000000080001ac       0x4c app.o
                0x00000000080001ac                main
 .text.gpio_toggle
                0x00000000080001f8       0x12 /home/maciej/src/libopencm3/lib/libopencm3_stm32f4.a(gpio_common_all.o)
                0x00000000080001f8                gpio_toggle
 .text.gpio_mode_setup
                0x000000000800020a       0x44 /home/maciej/src/libopencm3/lib/libopencm3_stm32f4.a(gpio_common_f0234.o)
                0x000000000800020a                gpio_mode_setup
 .text.rcc_periph_clock_enable
                0x000000000800024e       0x1c /home/maciej/src/libopencm3/lib/libopencm3_stm32f4.a(rcc_common_all.o)
                0x000000000800024e                rcc_periph_clock_enable
 .text.blocking_handler
                0x000000000800026a        0x2 /home/maciej/src/libopencm3/lib/libopencm3_stm32f4.a(vector.o)
                0x000000000800026a                dma2_stream1_isr
                0x000000000800026a                tim8_brk_tim12_isr
                0x000000000800026a                dma1_stream7_isr
                0x000000000800026a                usart3_isr
                0x000000000800026a                tim7_isr
                0x000000000800026a                dma2d_isr
                0x000000000800026a                uart8_isr
                0x000000000800026a                dma1_stream2_isr
                0x000000000800026a                otg_hs_isr
                0x000000000800026a                blocking_handler
                0x000000000800026a                tim5_isr
                0x000000000800026a                rtc_wkup_isr
                0x000000000800026a                otg_fs_isr
                0x000000000800026a                spi1_isr
                0x000000000800026a                i2c3_er_isr
                0x000000000800026a                exti2_isr
                0x000000000800026a                spi5_isr
                0x000000000800026a                usb_fs_wkup_isr
                0x000000000800026a                tamp_stamp_isr
                0x000000000800026a                can1_rx1_isr
                0x000000000800026a                dma2_stream0_isr
                0x000000000800026a                usart1_isr
                0x000000000800026a                i2c3_ev_isr
                0x000000000800026a                usage_fault_handler
                0x000000000800026a                can2_rx0_isr
                0x000000000800026a                dma1_stream6_isr
                0x000000000800026a                can2_rx1_isr
                0x000000000800026a                can1_sce_isr
                0x000000000800026a                tim1_cc_isr
                0x000000000800026a                can1_tx_isr
                0x000000000800026a                tim1_up_tim10_isr
                0x000000000800026a                sdio_isr
                0x000000000800026a                eth_isr
                0x000000000800026a                spi6_isr
                0x000000000800026a                dma2_stream5_isr
                0x000000000800026a                pvd_isr
                0x000000000800026a                can1_rx0_isr
                0x000000000800026a                rcc_isr
                0x000000000800026a                dma2_stream3_isr
                0x000000000800026a                flash_isr
                0x000000000800026a                uart4_isr
                0x000000000800026a                lcd_tft_isr
                0x000000000800026a                rtc_alarm_isr
                0x000000000800026a                exti15_10_isr
                0x000000000800026a                hash_rng_isr
                0x000000000800026a                tim1_trg_com_tim11_isr
                0x000000000800026a                hard_fault_handler
                0x000000000800026a                exti1_isr
                0x000000000800026a                i2c1_ev_isr
                0x000000000800026a                usart6_isr
                0x000000000800026a                spi2_isr
                0x000000000800026a                cryp_isr
                0x000000000800026a                nvic_wwdg_isr
                0x000000000800026a                dma1_stream1_isr
                0x000000000800026a                dma2_stream4_isr
                0x000000000800026a                exti3_isr
                0x000000000800026a                tim3_isr
                0x000000000800026a                usart2_isr
                0x000000000800026a                sai1_isr
                0x000000000800026a                fpu_isr
                0x000000000800026a                dma1_stream4_isr
                0x000000000800026a                i2c2_er_isr
                0x000000000800026a                i2c2_ev_isr
                0x000000000800026a                uart5_isr
                0x000000000800026a                dma2_stream6_isr
                0x000000000800026a                spi4_isr
                0x000000000800026a                adc_isr
                0x000000000800026a                dma2_stream7_isr
                0x000000000800026a                tim8_up_tim13_isr
                0x000000000800026a                fsmc_isr
                0x000000000800026a                exti4_isr
                0x000000000800026a                tim6_dac_isr
                0x000000000800026a                dma1_stream3_isr
                0x000000000800026a                tim8_trg_com_tim14_isr
                0x000000000800026a                mem_manage_handler
                0x000000000800026a                lcd_tft_err_isr
                0x000000000800026a                can2_tx_isr
                0x000000000800026a                exti9_5_isr
                0x000000000800026a                tim1_brk_tim9_isr
                0x000000000800026a                uart7_isr
                0x000000000800026a                can2_sce_isr
                0x000000000800026a                tim4_isr
                0x000000000800026a                otg_hs_wkup_isr
                0x000000000800026a                i2c1_er_isr
                0x000000000800026a                dma1_stream0_isr
                0x000000000800026a                tim8_cc_isr
                0x000000000800026a                dcmi_isr
                0x000000000800026a                dma2_stream2_isr
                0x000000000800026a                eth_wkup_isr
                0x000000000800026a                bus_fault_handler
                0x000000000800026a                otg_hs_ep1_out_isr
                0x000000000800026a                spi3_isr
                0x000000000800026a                dma1_stream5_isr
                0x000000000800026a                otg_hs_ep1_in_isr
                0x000000000800026a                tim2_isr
                0x000000000800026a                exti0_isr
 .text.null_handler
                0x000000000800026c        0x2 /home/maciej/src/libopencm3/lib/libopencm3_stm32f4.a(vector.o)
                0x000000000800026c                null_handler
                0x000000000800026c                sv_call_handler
                0x000000000800026c                pend_sv_handler
                0x000000000800026c                debug_monitor_handler
                0x000000000800026c                sys_tick_handler
                0x000000000800026c                nmi_handler
 *fill*         0x000000000800026e        0x2 
 .text.reset_handler
                0x0000000008000270       0x98 /home/maciej/src/libopencm3/lib/libopencm3_stm32f4.a(vector.o)
                0x0000000008000270                reset_handler
                0x0000000008000308                . = ALIGN (0x4)
 *(.rodata*)
                0x0000000008000308                . = ALIGN (0x4)

.glue_7         0x0000000008000308        0x0
 .glue_7        0x0000000008000308        0x0 linker stubs

.glue_7t        0x0000000008000308        0x0
 .glue_7t       0x0000000008000308        0x0 linker stubs

.vfp11_veneer   0x0000000008000308        0x0
 .vfp11_veneer  0x0000000008000308        0x0 linker stubs

.v4_bx          0x0000000008000308        0x0
 .v4_bx         0x0000000008000308        0x0 linker stubs

.iplt           0x0000000008000308        0x0
 .iplt          0x0000000008000308        0x0 app.o

.rel.dyn        0x0000000008000308        0x0
 .rel.iplt      0x0000000008000308        0x0 app.o

.preinit_array  0x0000000008000308        0x0
                0x0000000008000308                . = ALIGN (0x4)
                0x0000000008000308                __preinit_array_start = .
 *(.preinit_array)
                0x0000000008000308                __preinit_array_end = .

.init_array     0x0000000008000308        0x0
                0x0000000008000308                . = ALIGN (0x4)
                0x0000000008000308                __init_array_start = .
 *(SORT(.init_array.*))
 *(.init_array)
                0x0000000008000308                __init_array_end = .

.fini_array     0x0000000008000308        0x0
                0x0000000008000308                . = ALIGN (0x4)
                0x0000000008000308                __fini_array_start = .
 *(.fini_array)
 *(SORT(.fini_array.*))
                0x0000000008000308                __fini_array_end = .

.ARM.extab
 *(.ARM.extab*)

.ARM.exidx      0x0000000008000308        0x0
                0x0000000008000308                __exidx_start = .
 *(.ARM.exidx*)
                0x0000000008000308                __exidx_end = .
                0x0000000008000308                . = ALIGN (0x4)
                0x0000000008000308                _etext = .

.data           0x0000000020000000        0x0 load address 0x0000000008000308
                0x0000000020000000                _data = .
 *(.data*)
                0x0000000020000000                . = ALIGN (0x4)
                0x0000000020000000                _edata = .
                0x0000000008000308                _data_loadaddr = LOADADDR (.data)

.igot.plt       0x0000000020000000        0x0 load address 0x0000000008000308
 .igot.plt      0x0000000020000000        0x0 app.o

.bss            0x0000000020000000        0x0 load address 0x0000000008000308
 *(.bss*)
 *(COMMON)
                0x0000000020000000                . = ALIGN (0x4)
                0x0000000020000000                _ebss = .

/DISCARD/
 *(.eh_frame)
                0x0000000020000000                . = ALIGN (0x4)
                0x0000000020000000                end = .
                0x0000000020018000                PROVIDE (_stack, (ORIGIN (ram) + 0x18000))
OUTPUT(app.elf elf32-littlearm)

.debug_info     0x0000000000000000     0x13f2
 .debug_info    0x0000000000000000      0x55e app.o
 .debug_info    0x000000000000055e      0x22c /home/maciej/src/libopencm3/lib/libopencm3_stm32f4.a(gpio_common_all.o)
 .debug_info    0x000000000000078a      0x1eb /home/maciej/src/libopencm3/lib/libopencm3_stm32f4.a(gpio_common_f0234.o)
 .debug_info    0x0000000000000975      0x7c6 /home/maciej/src/libopencm3/lib/libopencm3_stm32f4.a(rcc_common_all.o)
 .debug_info    0x000000000000113b      0x2b7 /home/maciej/src/libopencm3/lib/libopencm3_stm32f4.a(vector.o)

.debug_abbrev   0x0000000000000000      0x4f7
 .debug_abbrev  0x0000000000000000       0xd8 app.o
 .debug_abbrev  0x00000000000000d8      0x10e /home/maciej/src/libopencm3/lib/libopencm3_stm32f4.a(gpio_common_all.o)
 .debug_abbrev  0x00000000000001e6       0xb7 /home/maciej/src/libopencm3/lib/libopencm3_stm32f4.a(gpio_common_f0234.o)
 .debug_abbrev  0x000000000000029d      0x105 /home/maciej/src/libopencm3/lib/libopencm3_stm32f4.a(rcc_common_all.o)
 .debug_abbrev  0x00000000000003a2      0x155 /home/maciej/src/libopencm3/lib/libopencm3_stm32f4.a(vector.o)

.debug_loc      0x0000000000000000      0x3fb
 .debug_loc     0x0000000000000000       0x92 app.o
 .debug_loc     0x0000000000000092       0xa5 /home/maciej/src/libopencm3/lib/libopencm3_stm32f4.a(gpio_common_all.o)
 .debug_loc     0x0000000000000137       0xdd /home/maciej/src/libopencm3/lib/libopencm3_stm32f4.a(gpio_common_f0234.o)
 .debug_loc     0x0000000000000214      0x108 /home/maciej/src/libopencm3/lib/libopencm3_stm32f4.a(rcc_common_all.o)
 .debug_loc     0x000000000000031c       0xdf /home/maciej/src/libopencm3/lib/libopencm3_stm32f4.a(vector.o)

.debug_aranges  0x0000000000000000      0x128
 .debug_aranges
                0x0000000000000000       0x20 app.o
 .debug_aranges
                0x0000000000000020       0x50 /home/maciej/src/libopencm3/lib/libopencm3_stm32f4.a(gpio_common_all.o)
 .debug_aranges
                0x0000000000000070       0x30 /home/maciej/src/libopencm3/lib/libopencm3_stm32f4.a(gpio_common_f0234.o)
 .debug_aranges
                0x00000000000000a0       0x58 /home/maciej/src/libopencm3/lib/libopencm3_stm32f4.a(rcc_common_all.o)
 .debug_aranges
                0x00000000000000f8       0x30 /home/maciej/src/libopencm3/lib/libopencm3_stm32f4.a(vector.o)

.debug_ranges   0x0000000000000000       0xd8
 .debug_ranges  0x0000000000000000       0x10 app.o
 .debug_ranges  0x0000000000000010       0x40 /home/maciej/src/libopencm3/lib/libopencm3_stm32f4.a(gpio_common_all.o)
 .debug_ranges  0x0000000000000050       0x20 /home/maciej/src/libopencm3/lib/libopencm3_stm32f4.a(gpio_common_f0234.o)
 .debug_ranges  0x0000000000000070       0x48 /home/maciej/src/libopencm3/lib/libopencm3_stm32f4.a(rcc_common_all.o)
 .debug_ranges  0x00000000000000b8       0x20 /home/maciej/src/libopencm3/lib/libopencm3_stm32f4.a(vector.o)

.debug_line     0x0000000000000000      0xbde
 .debug_line    0x0000000000000000      0x10e app.o
 .debug_line    0x000000000000010e      0x2c0 /home/maciej/src/libopencm3/lib/libopencm3_stm32f4.a(gpio_common_all.o)
 .debug_line    0x00000000000003ce      0x2b2 /home/maciej/src/libopencm3/lib/libopencm3_stm32f4.a(gpio_common_f0234.o)
 .debug_line    0x0000000000000680      0x29a /home/maciej/src/libopencm3/lib/libopencm3_stm32f4.a(rcc_common_all.o)
 .debug_line    0x000000000000091a      0x2c4 /home/maciej/src/libopencm3/lib/libopencm3_stm32f4.a(vector.o)

.debug_str      0x0000000000000000     0xb1ea
 .debug_str     0x0000000000000000      0x675 app.o
                                        0x6fe (size before relaxing)
 .debug_str     0x0000000000000675     0x5628 /home/maciej/src/libopencm3/lib/libopencm3_stm32f4.a(gpio_common_all.o)
                                       0x5795 (size before relaxing)
 .debug_str     0x0000000000005c9d       0x94 /home/maciej/src/libopencm3/lib/libopencm3_stm32f4.a(gpio_common_f0234.o)
                                       0x57b7 (size before relaxing)
 .debug_str     0x0000000000005d31     0x2a65 /home/maciej/src/libopencm3/lib/libopencm3_stm32f4.a(rcc_common_all.o)
                                       0x7379 (size before relaxing)
 .debug_str     0x0000000000008796     0x2a54 /home/maciej/src/libopencm3/lib/libopencm3_stm32f4.a(vector.o)
                                       0x5f9e (size before relaxing)

.comment        0x0000000000000000       0x1d
 .comment       0x0000000000000000       0x1d app.o
                                         0x1e (size before relaxing)
 .comment       0x000000000000001d       0x1e /home/maciej/src/libopencm3/lib/libopencm3_stm32f4.a(gpio_common_all.o)
 .comment       0x000000000000001d       0x1e /home/maciej/src/libopencm3/lib/libopencm3_stm32f4.a(gpio_common_f0234.o)
 .comment       0x000000000000001d       0x1e /home/maciej/src/libopencm3/lib/libopencm3_stm32f4.a(rcc_common_all.o)
 .comment       0x000000000000001d       0x1e /home/maciej/src/libopencm3/lib/libopencm3_stm32f4.a(vector.o)

.ARM.attributes
                0x0000000000000000       0x39
 .ARM.attributes
                0x0000000000000000       0x39 app.o
 .ARM.attributes
                0x0000000000000039       0x39 /home/maciej/src/libopencm3/lib/libopencm3_stm32f4.a(gpio_common_all.o)
 .ARM.attributes
                0x0000000000000072       0x39 /home/maciej/src/libopencm3/lib/libopencm3_stm32f4.a(gpio_common_f0234.o)
 .ARM.attributes
                0x00000000000000ab       0x39 /home/maciej/src/libopencm3/lib/libopencm3_stm32f4.a(rcc_common_all.o)
 .ARM.attributes
                0x00000000000000e4       0x39 /home/maciej/src/libopencm3/lib/libopencm3_stm32f4.a(vector.o)

.debug_frame    0x0000000000000000      0x208
 .debug_frame   0x0000000000000000       0x28 app.o
 .debug_frame   0x0000000000000028       0x80 /home/maciej/src/libopencm3/lib/libopencm3_stm32f4.a(gpio_common_all.o)
 .debug_frame   0x00000000000000a8       0x70 /home/maciej/src/libopencm3/lib/libopencm3_stm32f4.a(gpio_common_f0234.o)
 .debug_frame   0x0000000000000118       0xb0 /home/maciej/src/libopencm3/lib/libopencm3_stm32f4.a(rcc_common_all.o)
 .debug_frame   0x00000000000001c8       0x40 /home/maciej/src/libopencm3/lib/libopencm3_stm32f4.a(vector.o)

.debug_macro    0x0000000000000000     0x2593
 .debug_macro   0x0000000000000000       0xc3 /home/maciej/src/libopencm3/lib/libopencm3_stm32f4.a(gpio_common_all.o)
 .debug_macro   0x00000000000000c3      0x88c /home/maciej/src/libopencm3/lib/libopencm3_stm32f4.a(gpio_common_all.o)
 .debug_macro   0x000000000000094f       0x22 /home/maciej/src/libopencm3/lib/libopencm3_stm32f4.a(gpio_common_all.o)
 .debug_macro   0x0000000000000971       0x44 /home/maciej/src/libopencm3/lib/libopencm3_stm32f4.a(gpio_common_all.o)
 .debug_macro   0x00000000000009b5       0x1c /home/maciej/src/libopencm3/lib/libopencm3_stm32f4.a(gpio_common_all.o)
 .debug_macro   0x00000000000009d1       0x22 /home/maciej/src/libopencm3/lib/libopencm3_stm32f4.a(gpio_common_all.o)
 .debug_macro   0x00000000000009f3      0x1df /home/maciej/src/libopencm3/lib/libopencm3_stm32f4.a(gpio_common_all.o)
 .debug_macro   0x0000000000000bd2       0x22 /home/maciej/src/libopencm3/lib/libopencm3_stm32f4.a(gpio_common_all.o)
 .debug_macro   0x0000000000000bf4       0xfa /home/maciej/src/libopencm3/lib/libopencm3_stm32f4.a(gpio_common_all.o)
 .debug_macro   0x0000000000000cee       0x58 /home/maciej/src/libopencm3/lib/libopencm3_stm32f4.a(gpio_common_all.o)
 .debug_macro   0x0000000000000d46      0x229 /home/maciej/src/libopencm3/lib/libopencm3_stm32f4.a(gpio_common_all.o)
 .debug_macro   0x0000000000000f6f       0x76 /home/maciej/src/libopencm3/lib/libopencm3_stm32f4.a(gpio_common_all.o)
 .debug_macro   0x0000000000000fe5      0x2e6 /home/maciej/src/libopencm3/lib/libopencm3_stm32f4.a(gpio_common_all.o)
 .debug_macro   0x00000000000012cb      0x14e /home/maciej/src/libopencm3/lib/libopencm3_stm32f4.a(gpio_common_all.o)
 .debug_macro   0x0000000000001419       0xc3 /home/maciej/src/libopencm3/lib/libopencm3_stm32f4.a(gpio_common_f0234.o)
 .debug_macro   0x00000000000014dc       0xc0 /home/maciej/src/libopencm3/lib/libopencm3_stm32f4.a(rcc_common_all.o)
 .debug_macro   0x000000000000159c      0x8fb /home/maciej/src/libopencm3/lib/libopencm3_stm32f4.a(rcc_common_all.o)
 .debug_macro   0x0000000000001e97       0xc5 /home/maciej/src/libopencm3/lib/libopencm3_stm32f4.a(vector.o)
 .debug_macro   0x0000000000001f5c      0x3a1 /home/maciej/src/libopencm3/lib/libopencm3_stm32f4.a(vector.o)
 .debug_macro   0x00000000000022fd       0x6a /home/maciej/src/libopencm3/lib/libopencm3_stm32f4.a(vector.o)
 .debug_macro   0x0000000000002367      0x22c /home/maciej/src/libopencm3/lib/libopencm3_stm32f4.a(vector.o)
